error[E0277]: `NotDisplay` doesn't implement `std::fmt::Display`
 --> tests/fails/missing_display.rs:5:10
  |
5 | #[derive(CacheDiff)]
  |          ^^^^^^^^^ `NotDisplay` cannot be formatted with the default formatter
  |
  = help: the trait `std::fmt::Display` is not implemented for `NotDisplay`, which is required by `&NotDisplay: std::fmt::Display`
  = note: in format strings you may be able to use `{:?}` (or {:#?} for pretty-print) instead
  = note: required for `&NotDisplay` to implement `std::fmt::Display`
note: required by a bound in `fmt_value`
 --> $WORKSPACE/cache_diff/src/lib.rs
  |
  |     fn fmt_value<T: std::fmt::Display>(&self, value: &T) -> String {
  |                     ^^^^^^^^^^^^^^^^^ required by this bound in `CacheDiff::fmt_value`
  = note: this error originates in the derive macro `CacheDiff` (in Nightly builds, run with -Z macro-backtrace for more info)
